d:\plugin\autoctrl\obj\release\vc143.pdb
d:\plugin\autoctrl\obj\release\maindllverifier.obj
d:\plugin\autoctrl\obj\release\mainhasher.obj
d:\plugin\autoctrl\obj\release\licensemanager.obj
d:\plugin\autoctrl\obj\release\licenseclient.obj
d:\plugin\autoctrl\obj\release\jsonparser.obj
d:\plugin\autoctrl\obj\release\ed25519verifier.obj
d:\plugin\autoctrl\obj\release\cryptoutils.obj
d:\plugin\autoctrl\obj\release\autoctrl.obj
d:\plugin\autoctrl\bin\release\autoctrl.dll
d:\plugin\autoctrl\bin\release\autoctrl.pdb
d:\plugin\autoctrl\bin\release\autoctrl.lib
d:\plugin\autoctrl\bin\release\autoctrl.exp
d:\plugin\autoctrl\obj\release\autoctrl.vcxproj.filelistabsolute.txt
d:\plugin\autoctrl\obj\release\autoctrl.tlog\cl.command.1.tlog
d:\plugin\autoctrl\obj\release\autoctrl.tlog\cl.items.tlog
d:\plugin\autoctrl\obj\release\autoctrl.tlog\cl.read.1.tlog
d:\plugin\autoctrl\obj\release\autoctrl.tlog\cl.write.1.tlog
d:\plugin\autoctrl\obj\release\autoctrl.tlog\link.command.1.tlog
d:\plugin\autoctrl\obj\release\autoctrl.tlog\link.read.1.tlog
d:\plugin\autoctrl\obj\release\autoctrl.tlog\link.secondary.1.tlog
d:\plugin\autoctrl\obj\release\autoctrl.tlog\link.write.1.tlog
